VirtualThread[#50,tomcat-handler-6]/runnable@ForkJoinPool-1-worker-1 reason:MONITOR
    java.base/java.lang.VirtualThread$VThreadContinuation.onPinned(Unknown Source)
    java.base/jdk.internal.vm.Continuation.onPinned0(Unknown Source)
    java.base/java.lang.VirtualThread.parkNanos(Unknown Source)
    java.base/java.lang.VirtualThread.sleepNanos(Unknown Source)
    java.base/java.lang.Thread.sleep(Unknown Source)
    com.example.coupon.experiment.ExperimentController.pinSync(ExperimentController.java:82) <== monitors:1
    java.base/jdk.internal.reflect.DirectMethodHandleAccessor.invoke(Unknown Source)
    java.base/java.lang.reflect.Method.invoke(Unknown Source)
    org.springframework.web.method.support.InvocableHandlerMethod.doInvoke(InvocableHandlerMethod.java:252)
    org.springframework.web.method.support.InvocableHandlerMethod.invokeForRequest(InvocableHandlerMethod.java:184)
    org.springframework.web.servlet.mvc.method.annotation.ServletInvocableHandlerMethod.invokeAndHandle(ServletInvocableHandlerMethod.java:117)
    org.springframework.web.servlet.mvc.method.annotation.RequestMappingHandlerAdapter.invokeHandlerMethod(RequestMappingHandlerAdapter.java:934)
    org.springframework.web.servlet.mvc.method.annotation.RequestMappingHandlerAdapter.handleInternal(RequestMappingHandlerAdapter.java:853)
    org.springframework.web.servlet.mvc.method.AbstractHandlerMethodAdapter.handle(AbstractHandlerMethodAdapter.java:86)
    org.springframework.web.servlet.DispatcherServlet.doDispatch(DispatcherServlet.java:963)
    org.springframework.web.servlet.DispatcherServlet.doService(DispatcherServlet.java:866)
    org.springframework.web.servlet.FrameworkServlet.processRequest(FrameworkServlet.java:1000)
    org.springframework.web.servlet.FrameworkServlet.doGet(FrameworkServlet.java:892)
    jakarta.servlet.http.HttpServlet.service(HttpServlet.java:622)
    org.springframework.web.servlet.FrameworkServlet.service(FrameworkServlet.java:874)
